CC1101.c:16:9:CC1101_GPIO_Prepare	8	static
CC1101.c:20:9:CC1101_Init	16	static
CC1101.c:32:9:CC1101_TransmitPacket	24	static
CC1101.c:56:9:Cc1101_GoToRX	8	static
CC1101.c:62:9:CC1101_IsDataAvalable	8	static
CC1101.c:67:9:CC1101_ReadPacket	24	static
CC1101.c:92:9:CC1101_ReadStatus	16	static
CC1101.c:101:6:CC1101_SetBaseFreq	24	static
CC1101.c:131:6:CC1101_SetSynqWord	16	static
CC1101.c:136:6:CC1101_SetChannel	16	static
CC1101.c:139:6:CC1101_SetModulation	24	static
CC1101.c:145:6:CC1101_SetAttenuator	24	static
CC1101.c:151:6:CC1101_SetTXPower	16	static
CC1101.c:155:6:CC1101_SetAddressation	24	static
CC1101.c:167:6:CC1101_SetPacketLengthMode	24	static
CC1101.c:184:6:CC1101_SetAutoFlashRX	24	static
CC1101.c:191:6:CC1101_SetAddStatus	24	static
CC1101.c:198:6:CC1101_SetDataRate	24	static
CC1101.c:205:6:CC1101_SetPreambuleMinSize	24	static
CC1101.c:211:6:CC1101_SetCRCmode	24	static
CC1101.c:217:6:CC1101_SetWhitening	24	static
CC1101.c:223:6:CC1101_SetFEC	24	static
CC1101.c:232:9:__CC1101_ReadReg	24	static
CC1101.c:242:6:__CC1101_WriteReg	16	static
CC1101.c:250:6:__CC1101_BurstReadReg	32	static
CC1101.c:263:6:__CC1101_BurstWriteReg	24	static
CC1101.c:276:6:__CC1101_WriteCMD	16	static
CC1101.c:283:9:__CC1101_ReadStatusRegs	24	static
