CC1101.c:15:9:CC1101_GPIO_Prepare	8	static
CC1101.c:19:9:CC1101_Init	16	static
CC1101.c:33:9:CC1101_TransmitPacket	16	static
CC1101.c:44:9:CC1101_IsDataAvalable	4	static
CC1101.c:48:9:CC1101_ReadPacket	4	static
CC1101.c:52:9:CC1101_ReadStatus	16	static
CC1101.c:61:6:CC1101_SetBaseFreq	24	static
CC1101.c:91:6:CC1101_SetSynqWord	16	static
CC1101.c:96:6:CC1101_SetChannel	16	static
CC1101.c:99:6:CC1101_SetModulation	24	static
CC1101.c:105:6:CC1101_SetAttenuator	24	static
CC1101.c:111:6:CC1101_SetTXPower	16	static
CC1101.c:115:6:CC1101_SetAddressation	24	static
CC1101.c:126:6:CC1101_SetAutoFlashRX	24	static
CC1101.c:135:6:CC1101_SetAddStatus	24	static
CC1101.c:146:9:__CC1101_ReadReg	24	static
CC1101.c:156:6:__CC1101_WriteReg	16	static
CC1101.c:165:6:__CC1101_BurstReadReg	32	static
CC1101.c:179:6:__CC1101_BurstWriteReg	24	static
CC1101.c:192:6:__CC1101_WriteCMD	16	static
CC1101.c:200:9:__CC1101_ReadStatusRegs	24	static
