CC1101.c:16:9:CC1101_GPIO_Prepare	8	static
CC1101.c:20:9:CC1101_Init	16	static
CC1101.c:32:9:CC1101_TransmitPacket	24	static
CC1101.c:57:9:CC1101_GoToRX	8	static
CC1101.c:63:9:CC1101_IsDataAvailable	8	static
CC1101.c:68:9:CC1101_ReadPacket	32	static
CC1101.c:93:9:CC1101_ReadStatus	16	static
CC1101.c:100:9:CC1101_ToSleep	8	static
CC1101.c:107:6:CC1101_SetBaseFreq	24	static
CC1101.c:137:6:CC1101_SetSynqWord	16	static
CC1101.c:142:6:CC1101_SetChannel	16	static
CC1101.c:145:6:CC1101_SetModulation	24	static
CC1101.c:151:6:CC1101_SetAttenuator	24	static
CC1101.c:157:6:CC1101_SetTXPower	16	static
CC1101.c:161:6:CC1101_SetAddressation	24	static
CC1101.c:173:6:CC1101_SetPacketLengthMode	24	static
CC1101.c:190:6:CC1101_SetAutoFlashRX	24	static
CC1101.c:197:6:CC1101_SetAddStatus	24	static
CC1101.c:204:6:CC1101_SetDataRate	24	static
CC1101.c:211:6:CC1101_SetPreambuleMinSize	24	static
CC1101.c:217:6:CC1101_SetCRCmode	24	static
CC1101.c:223:6:CC1101_SetWhitening	24	static
CC1101.c:229:6:CC1101_SetFEC	24	static
CC1101.c:235:6:CC1101_SetPQI	24	static
CC1101.c:240:6:CC1101_setDeviation	32	static
CC1101.c:258:9:__CC1101_ReadReg	24	static
CC1101.c:268:6:__CC1101_WriteReg	16	static
CC1101.c:276:6:__CC1101_BurstReadReg	32	static
CC1101.c:289:6:__CC1101_BurstWriteReg	24	static
CC1101.c:302:6:__CC1101_WriteCMD	16	static
CC1101.c:309:9:__CC1101_ReadStatusRegs	24	static
