CC1101.c:16:9:CC1101_GPIO_Prepare	8	static
CC1101.c:20:9:CC1101_Init	16	static
CC1101.c:32:9:CC1101_TransmitPacket	24	static
CC1101.c:56:9:CC1101_GoToRX	8	static
CC1101.c:62:9:CC1101_IsDataAvalable	8	static
CC1101.c:67:9:CC1101_ReadPacket	24	static
CC1101.c:90:9:CC1101_ReadStatus	16	static
CC1101.c:99:6:CC1101_SetBaseFreq	24	static
CC1101.c:129:6:CC1101_SetSynqWord	16	static
CC1101.c:134:6:CC1101_SetChannel	16	static
CC1101.c:137:6:CC1101_SetModulation	24	static
CC1101.c:143:6:CC1101_SetAttenuator	24	static
CC1101.c:149:6:CC1101_SetTXPower	16	static
CC1101.c:153:6:CC1101_SetAddressation	24	static
CC1101.c:165:6:CC1101_SetPacketLengthMode	24	static
CC1101.c:182:6:CC1101_SetAutoFlashRX	24	static
CC1101.c:189:6:CC1101_SetAddStatus	24	static
CC1101.c:196:6:CC1101_SetDataRate	24	static
CC1101.c:203:6:CC1101_SetPreambuleMinSize	24	static
CC1101.c:209:6:CC1101_SetCRCmode	24	static
CC1101.c:215:6:CC1101_SetWhitening	24	static
CC1101.c:221:6:CC1101_SetFEC	24	static
CC1101.c:230:9:__CC1101_ReadReg	24	static
CC1101.c:240:6:__CC1101_WriteReg	16	static
CC1101.c:248:6:__CC1101_BurstReadReg	32	static
CC1101.c:261:6:__CC1101_BurstWriteReg	24	static
CC1101.c:274:6:__CC1101_WriteCMD	16	static
CC1101.c:281:9:__CC1101_ReadStatusRegs	24	static
