CC1101.c:47:9:CC1101_GPIO_Prepare	8	static
CC1101.c:53:9:CC1101_Set_GDO0	16	static
CC1101.c:62:9:CC1101_Init	16	static
CC1101.c:80:9:CC1101_TransmitPacket	24	static
CC1101.c:109:9:CC1101_GoToRX	8	static
CC1101.c:119:9:CC1101_GoToWOR	8	static
CC1101.c:131:9:CC1101_IsDataAvailable	8	static
CC1101.c:144:9:CC1101_ReadPacket	32	static
CC1101.c:176:9:CC1101_ReadStatus	16	static
CC1101.c:187:9:CC1101_ToSleep	8	static
CC1101.c:198:6:CC1101_SetBaseFreq	24	static
CC1101.c:231:6:CC1101_SetSynqWord	16	static
CC1101.c:240:6:CC1101_SetChannel	16	static
CC1101.c:247:6:CC1101_SetModulation	24	static
CC1101.c:257:6:CC1101_SetAttenuator	24	static
CC1101.c:267:6:CC1101_SetTXPower	16	static
CC1101.c:276:6:CC1101_SetAddressation	24	static
CC1101.c:292:6:CC1101_SetPacketLengthMode	24	static
CC1101.c:313:6:CC1101_SetAutoFlashRX	24	static
CC1101.c:324:6:CC1101_SetAddStatus	24	static
CC1101.c:335:6:CC1101_SetDataRate	24	static
CC1101.c:346:6:CC1101_SetPreambuleMinSize	24	static
CC1101.c:356:6:CC1101_SetCRCmode	24	static
CC1101.c:366:6:CC1101_SetWhitening	24	static
CC1101.c:377:6:CC1101_SetFEC	24	static
CC1101.c:387:6:CC1101_SetPQI	24	static
CC1101.c:396:6:CC1101_setDeviation	32	static
CC1101.c:414:6:CC1101_SetCS_Thr	24	static
CC1101.c:422:9:__CC1101_ReadReg	24	static
CC1101.c:432:6:__CC1101_WriteReg	16	static
CC1101.c:440:6:__CC1101_BurstReadReg	32	static
CC1101.c:453:6:__CC1101_BurstWriteReg	24	static
CC1101.c:466:6:__CC1101_WriteCMD	16	static
CC1101.c:473:9:__CC1101_ReadStatusRegs	24	static
