CC1101.c:47:9:CC1101_GPIO_Prepare	8	static
CC1101.c:53:9:CC1101_Set_GDO0	16	static
CC1101.c:60:9:CC1101_Set_GDO2	16	static
CC1101.c:69:9:CC1101_Init	16	static
CC1101.c:87:9:CC1101_TransmitPacketPooling	24	static
CC1101.c:117:9:CC1101_TransmitPacketInt	24	static
CC1101.c:146:9:CC1101_GoToRX	8	static
CC1101.c:156:9:CC1101_GoToWOR	8	static
CC1101.c:168:9:CC1101_IsDataAvailable	8	static
CC1101.c:180:9:CC1101_ReadPacket	32	static
CC1101.c:210:9:CC1101_ReadStatus	16	static
CC1101.c:221:9:CC1101_ToSleep	8	static
CC1101.c:232:6:CC1101_SetBaseFreq	24	static
CC1101.c:265:6:CC1101_SetSynqWord	16	static
CC1101.c:274:6:CC1101_SetChannel	16	static
CC1101.c:281:6:CC1101_SetModulation	24	static
CC1101.c:291:6:CC1101_SetAttenuator	24	static
CC1101.c:301:6:CC1101_SetTXPower	16	static
CC1101.c:310:6:CC1101_SetAddressation	24	static
CC1101.c:326:6:CC1101_SetPacketLengthMode	24	static
CC1101.c:347:6:CC1101_SetAutoFlashRX	24	static
CC1101.c:358:6:CC1101_SetAddStatus	24	static
CC1101.c:369:6:CC1101_SetDataRate	24	static
CC1101.c:380:6:CC1101_SetPreambuleMinSize	24	static
CC1101.c:390:6:CC1101_SetCRCmode	24	static
CC1101.c:400:6:CC1101_SetWhitening	24	static
CC1101.c:411:6:CC1101_SetFEC	24	static
CC1101.c:421:6:CC1101_SetPQI	24	static
CC1101.c:430:6:CC1101_setDeviation	32	static
CC1101.c:448:6:CC1101_SetCS_Thr	24	static
CC1101.c:456:9:__CC1101_ReadReg	24	static
CC1101.c:466:6:__CC1101_WriteReg	16	static
CC1101.c:474:6:__CC1101_BurstReadReg	32	static
CC1101.c:487:6:__CC1101_BurstWriteReg	24	static
CC1101.c:500:6:__CC1101_WriteCMD	16	static
CC1101.c:507:9:__CC1101_ReadStatusRegs	24	static
